// Jest Snapshot v1, https://goo.gl/fbAQLP

exports[`Prebas en el componente <GifExpertApp /> Deberia hacer match con el snapshot 1`] = `undefined`;
