// Jest Snapshot v1, https://goo.gl/fbAQLP

exports[`Pruebass sobre el componente <GifItem /> Deberia de hacer match con el snapshot 1`] = `
<div>
  <div
    class="card"
  >
    <img
      alt="Naruto"
      src="https://naruto.com"
    />
    <p>
      Naruto
    </p>
  </div>
</div>
`;
